error: expected one of: `mod`, `use`, `layer`, `reuse`
 --> tests/inc/derive/use_unknown_vis/mod.rs
  |
  |   xyz use f1;
  |   ^^^
