error: Use either [ private, protected, orphan, exposed, prelude ] visibility:
         #[doc = " layer_a"] pub use ;
  --> tests/meta/mod_interface/front/use_bad_vis/mod.rs
   |
   | /   /// layer_a
   | |   pub use f1;
   | |_____________^
